// Jest Snapshot v1, https://goo.gl/fbAQLP

exports[`MovieCard renders properly 1`] = `
"<div class=\\"card\\"><img src=\\"testImage.jpg\\" alt=\\"Test Title-image\\">
  <p class=\\"title\\">Test Title</p>
</div>"
`;
